12-01 02:58:23.451 14020 14042 I TestRunner: started: navigate_to_start_order_from_checkout(com.example.lunchtray.NavigationTests)
12-01 02:58:23.484 14020 14042 W Settings: Setting always_finish_activities has moved from android.provider.Settings.System to android.provider.Settings.Global, returning read-only value.
12-01 02:58:23.492   527   545 D EventSequenceValidator: inc AccIntentStartedEvents to 2
12-01 02:58:23.503   527  2214 W InputReader: Device virtio_input_multi_touch_9 is associated with display ADISPLAY_ID_NONE.
12-01 02:58:23.503   527  2214 W InputReader: Device virtio_input_multi_touch_7 is associated with display ADISPLAY_ID_NONE.
12-01 02:58:23.503   527  2214 W InputReader: Device virtio_input_multi_touch_10 is associated with display ADISPLAY_ID_NONE.
12-01 02:58:23.503   527  2214 W InputReader: Device virtio_input_multi_touch_4 is associated with display ADISPLAY_ID_NONE.
12-01 02:58:23.503   527  2214 W InputReader: Device virtio_input_multi_touch_11 is associated with display ADISPLAY_ID_NONE.
12-01 02:58:23.503   527  2214 W InputReader: Device virtio_input_multi_touch_6 is associated with display ADISPLAY_ID_NONE.
12-01 02:58:23.503   527  2214 W InputReader: Device virtio_input_multi_touch_5 is associated with display ADISPLAY_ID_NONE.
12-01 02:58:23.503   527  2214 W InputReader: Device virtio_input_multi_touch_3 is associated with display ADISPLAY_ID_NONE.
12-01 02:58:23.503   527  2214 W InputReader: Device virtio_input_multi_touch_2 is associated with display ADISPLAY_ID_NONE.
12-01 02:58:23.503   527  2214 W InputReader: Device virtio_input_multi_touch_8 is associated with display ADISPLAY_ID_NONE.
12-01 02:58:23.503   527  2214 W InputReader: Device virtio_input_multi_touch_9 is associated with display ADISPLAY_ID_NONE.
12-01 02:58:23.503   527  2214 W InputReader: Device virtio_input_multi_touch_7 is associated with display ADISPLAY_ID_NONE.
12-01 02:58:23.503   527  2214 W InputReader: Device virtio_input_multi_touch_10 is associated with display ADISPLAY_ID_NONE.
12-01 02:58:23.503   527  2214 W InputReader: Device virtio_input_multi_touch_4 is associated with display ADISPLAY_ID_NONE.
12-01 02:58:23.503   527  2214 W InputReader: Device virtio_input_multi_touch_11 is associated with display ADISPLAY_ID_NONE.
12-01 02:58:23.503   527  2214 W InputReader: Device virtio_input_multi_touch_6 is associated with display ADISPLAY_ID_NONE.
12-01 02:58:23.504   527  2214 W InputReader: Device virtio_input_multi_touch_5 is associated with display ADISPLAY_ID_NONE.
12-01 02:58:23.504   527  2214 W InputReader: Device virtio_input_multi_touch_3 is associated with display ADISPLAY_ID_NONE.
12-01 02:58:23.504   527  2214 W InputReader: Device virtio_input_multi_touch_2 is associated with display ADISPLAY_ID_NONE.
12-01 02:58:23.504   527  2214 W InputReader: Device virtio_input_multi_touch_8 is associated with display ADISPLAY_ID_NONE.
12-01 02:58:23.521   302  6346 D goldfish-address-space: claimShared: Ask to claim region [0x3ed706000 0x3ee06b000]
12-01 02:58:23.559 14020 14020 D LifecycleMonitor: Lifecycle status change: androidx.test.core.app.InstrumentationActivityInvoker$BootstrapActivity@9528f80 in: PRE_ON_CREATE
12-01 02:58:23.560 14020 14020 V ActivityScenario: Activity lifecycle changed event received but ignored because the intent does not match. startActivityIntent=Intent { act=android.intent.action.MAIN cat=[android.intent.category.LAUNCHER] cmp=com.example.lunchtray/androidx.fragment.app.testing.FragmentScenario$EmptyFragmentActivity (has extras) }, activity.getIntent()=Intent { act=android.intent.action.MAIN cat=[android.intent.category.LAUNCHER] flg=0x10008000 cmp=com.example.lunchtray/androidx.test.core.app.InstrumentationActivityInvoker$BootstrapActivity (has extras) }, activity=androidx.test.core.app.InstrumentationActivityInvoker$BootstrapActivity@9528f80
12-01 02:58:23.586 14020 14046 D libEGL  : loaded /vendor/lib/egl/libEGL_emulation.so
12-01 02:58:23.590 14020 14020 D LifecycleMonitor: Lifecycle status change: androidx.test.core.app.InstrumentationActivityInvoker$BootstrapActivity@9528f80 in: CREATED
12-01 02:58:23.591 14020 14046 D libEGL  : loaded /vendor/lib/egl/libGLESv1_CM_emulation.so
12-01 02:58:23.592 14020 14020 V ActivityScenario: Activity lifecycle changed event received but ignored because the intent does not match. startActivityIntent=Intent { act=android.intent.action.MAIN cat=[android.intent.category.LAUNCHER] cmp=com.example.lunchtray/androidx.fragment.app.testing.FragmentScenario$EmptyFragmentActivity (has extras) }, activity.getIntent()=Intent { act=android.intent.action.MAIN cat=[android.intent.category.LAUNCHER] flg=0x10008000 cmp=com.example.lunchtray/androidx.test.core.app.InstrumentationActivityInvoker$BootstrapActivity (has extras) }, activity=androidx.test.core.app.InstrumentationActivityInvoker$BootstrapActivity@9528f80
12-01 02:58:23.594 14020 14020 D LifecycleMonitor: Lifecycle status change: androidx.test.core.app.InstrumentationActivityInvoker$BootstrapActivity@9528f80 in: STARTED
12-01 02:58:23.596 14020 14020 V ActivityScenario: Activity lifecycle changed event received but ignored because the intent does not match. startActivityIntent=Intent { act=android.intent.action.MAIN cat=[android.intent.category.LAUNCHER] cmp=com.example.lunchtray/androidx.fragment.app.testing.FragmentScenario$EmptyFragmentActivity (has extras) }, activity.getIntent()=Intent { act=android.intent.action.MAIN cat=[android.intent.category.LAUNCHER] flg=0x10008000 cmp=com.example.lunchtray/androidx.test.core.app.InstrumentationActivityInvoker$BootstrapActivity (has extras) }, activity=androidx.test.core.app.InstrumentationActivityInvoker$BootstrapActivity@9528f80
12-01 02:58:23.597 14020 14046 D libEGL  : loaded /vendor/lib/egl/libGLESv2_emulation.so
12-01 02:58:23.603 14020 14020 D LifecycleMonitor: Lifecycle status change: androidx.test.core.app.InstrumentationActivityInvoker$BootstrapActivity@9528f80 in: RESUMED
12-01 02:58:23.604 14020 14020 V ActivityScenario: Activity lifecycle changed event received but ignored because the intent does not match. startActivityIntent=Intent { act=android.intent.action.MAIN cat=[android.intent.category.LAUNCHER] cmp=com.example.lunchtray/androidx.fragment.app.testing.FragmentScenario$EmptyFragmentActivity (has extras) }, activity.getIntent()=Intent { act=android.intent.action.MAIN cat=[android.intent.category.LAUNCHER] flg=0x10008000 cmp=com.example.lunchtray/androidx.test.core.app.InstrumentationActivityInvoker$BootstrapActivity (has extras) }, activity=androidx.test.core.app.InstrumentationActivityInvoker$BootstrapActivity@9528f80
12-01 02:58:23.607 14020 14020 D LifecycleMonitor: Lifecycle status change: androidx.test.core.app.InstrumentationActivityInvoker$BootstrapActivity@9528f80 in: PAUSED
12-01 02:58:23.607 14020 14020 V ActivityScenario: Activity lifecycle changed event received but ignored because the intent does not match. startActivityIntent=Intent { act=android.intent.action.MAIN cat=[android.intent.category.LAUNCHER] cmp=com.example.lunchtray/androidx.fragment.app.testing.FragmentScenario$EmptyFragmentActivity (has extras) }, activity.getIntent()=Intent { act=android.intent.action.MAIN cat=[android.intent.category.LAUNCHER] flg=0x10008000 cmp=com.example.lunchtray/androidx.test.core.app.InstrumentationActivityInvoker$BootstrapActivity (has extras) }, activity=androidx.test.core.app.InstrumentationActivityInvoker$BootstrapActivity@9528f80
12-01 02:58:23.608   527  2214 W InputReader: Device virtio_input_multi_touch_9 is associated with display ADISPLAY_ID_NONE.
12-01 02:58:23.608   527  2214 W InputReader: Device virtio_input_multi_touch_7 is associated with display ADISPLAY_ID_NONE.
12-01 02:58:23.608   527  2214 W InputReader: Device virtio_input_multi_touch_10 is associated with display ADISPLAY_ID_NONE.
12-01 02:58:23.608   527  2214 W InputReader: Device virtio_input_multi_touch_4 is associated with display ADISPLAY_ID_NONE.
12-01 02:58:23.608   527  2214 W InputReader: Device virtio_input_multi_touch_11 is associated with display ADISPLAY_ID_NONE.
12-01 02:58:23.608   527  2214 W InputReader: Device virtio_input_multi_touch_6 is associated with display ADISPLAY_ID_NONE.
12-01 02:58:23.608   527  2214 W InputReader: Device virtio_input_multi_touch_5 is associated with display ADISPLAY_ID_NONE.
12-01 02:58:23.608   527  2214 W InputReader: Device virtio_input_multi_touch_3 is associated with display ADISPLAY_ID_NONE.
12-01 02:58:23.608   527  2214 W InputReader: Device virtio_input_multi_touch_2 is associated with display ADISPLAY_ID_NONE.
12-01 02:58:23.608   527  2214 W InputReader: Device virtio_input_multi_touch_8 is associated with display ADISPLAY_ID_NONE.
12-01 02:58:23.608   527  2214 W InputReader: Device virtio_input_multi_touch_9 is associated with display ADISPLAY_ID_NONE.
12-01 02:58:23.608   527  2214 W InputReader: Device virtio_input_multi_touch_7 is associated with display ADISPLAY_ID_NONE.
12-01 02:58:23.608   527  2214 W InputReader: Device virtio_input_multi_touch_10 is associated with display ADISPLAY_ID_NONE.
12-01 02:58:23.608   527  2214 W InputReader: Device virtio_input_multi_touch_4 is associated with display ADISPLAY_ID_NONE.
12-01 02:58:23.608   527  2214 W InputReader: Device virtio_input_multi_touch_11 is associated with display ADISPLAY_ID_NONE.
12-01 02:58:23.608   527  2214 W InputReader: Device virtio_input_multi_touch_6 is associated with display ADISPLAY_ID_NONE.
12-01 02:58:23.608   527  2214 W InputReader: Device virtio_input_multi_touch_5 is associated with display ADISPLAY_ID_NONE.
12-01 02:58:23.608   527  2214 W InputReader: Device virtio_input_multi_touch_3 is associated with display ADISPLAY_ID_NONE.
12-01 02:58:23.608   527  2214 W InputReader: Device virtio_input_multi_touch_2 is associated with display ADISPLAY_ID_NONE.
12-01 02:58:23.608   527  2214 W InputReader: Device virtio_input_multi_touch_8 is associated with display ADISPLAY_ID_NONE.
12-01 02:58:23.610  1594  1594 I dnxw    : onPause
12-01 02:58:23.620   302  6346 D goldfish-address-space: claimShared: Ask to claim region [0x3ee06b000 0x3ee9d0000]
12-01 02:58:23.641 14020 14020 D LifecycleMonitor: Lifecycle status change: androidx.fragment.app.testing.FragmentScenario$EmptyFragmentActivity@eefb662 in: PRE_ON_CREATE
12-01 02:58:23.641 14020 14020 V ActivityScenario: Activity lifecycle changed event received but ignored because the reported transition was not ON_CREATE while the last known transition was PRE_ON_CREATE
12-01 02:58:23.656  1594  2028 V ClearcutMetricXmitter: Transmission is done.
12-01 02:58:23.674 14020 14020 D LifecycleMonitor: Lifecycle status change: androidx.fragment.app.testing.FragmentScenario$EmptyFragmentActivity@eefb662 in: CREATED
12-01 02:58:23.674 14020 14020 V ActivityScenario: Update currentActivityStage to CREATED, currentActivity=androidx.fragment.app.testing.FragmentScenario$EmptyFragmentActivity@eefb662
12-01 02:58:23.677 14020 14020 D LifecycleMonitor: Lifecycle status change: androidx.fragment.app.testing.FragmentScenario$EmptyFragmentActivity@eefb662 in: STARTED
12-01 02:58:23.677 14020 14020 V ActivityScenario: Update currentActivityStage to STARTED, currentActivity=androidx.fragment.app.testing.FragmentScenario$EmptyFragmentActivity@eefb662
12-01 02:58:23.678 14020 14020 D LifecycleMonitor: Lifecycle status change: androidx.fragment.app.testing.FragmentScenario$EmptyFragmentActivity@eefb662 in: RESUMED
12-01 02:58:23.678 14020 14020 V ActivityScenario: Update currentActivityStage to RESUMED, currentActivity=androidx.fragment.app.testing.FragmentScenario$EmptyFragmentActivity@eefb662
12-01 02:58:23.713 14020 14044 D HostConnection: HostConnection::get() New Host Connection established 0xf39c2b60, tid 14044
12-01 02:58:23.720 14020 14044 D HostConnection: HostComposition ext ANDROID_EMU_CHECKSUM_HELPER_v1 ANDROID_EMU_native_sync_v2 ANDROID_EMU_native_sync_v3 ANDROID_EMU_native_sync_v4 ANDROID_EMU_dma_v1 ANDROID_EMU_direct_mem ANDROID_EMU_host_composition_v1 ANDROID_EMU_host_composition_v2 ANDROID_EMU_vulkan ANDROID_EMU_deferred_vulkan_commands ANDROID_EMU_vulkan_null_optional_strings ANDROID_EMU_vulkan_create_resources_with_requirements ANDROID_EMU_YUV_Cache ANDROID_EMU_vulkan_ignored_handles ANDROID_EMU_has_shared_slots_host_memory_allocator ANDROID_EMU_vulkan_free_memory_sync ANDROID_EMU_vulkan_shader_float16_int8 ANDROID_EMU_vulkan_async_queue_submit ANDROID_EMU_sync_buffer_data ANDROID_EMU_read_color_buffer_dma GL_OES_vertex_array_object GL_KHR_texture_compression_astc_ldr ANDROID_EMU_host_side_tracing ANDROID_EMU_gles_max_version_2
12-01 02:58:23.728   172   172 I hwservicemanager: getTransport: Cannot find entry android.hardware.configstore@1.0::ISurfaceFlingerConfigs/default in either framework or device manifest.
12-01 02:58:23.728 14020 14044 W OpenGLRenderer: Failed to choose config with EGL_SWAP_BEHAVIOR_PRESERVED, retrying without...
12-01 02:58:23.744 14020 14044 D EGL_emulation: eglCreateContext: 0xf39c2850: maj 2 min 0 rcv 2
12-01 02:58:23.774 14020 14044 D EGL_emulation: eglMakeCurrent: 0xf39c2850: ver 2 0 (tinfo 0xf3d31f70) (first time)
12-01 02:58:23.780   302  6346 D goldfish-address-space: claimShared: Ask to claim region [0x3f0000000 0x3f0965000]
12-01 02:58:23.782   172   172 I hwservicemanager: getTransport: Cannot find entry android.hardware.graphics.mapper@4.0::IMapper/default in either framework or device manifest.
12-01 02:58:23.782 14020 14044 I Gralloc4: mapper 4.x is not supported
12-01 02:58:23.783 14020 14044 D HostConnection: createUnique: call
12-01 02:58:23.784 14020 14044 D HostConnection: HostConnection::get() New Host Connection established 0xf39f2c10, tid 14044
12-01 02:58:23.784 14020 14044 D goldfish-address-space: allocate: Ask for block of size 0x100
12-01 02:58:23.784 14020 14044 D goldfish-address-space: allocate: ioctl allocate returned offset 0x3ebffe000 size 0x2000
12-01 02:58:23.787 14020 14044 D HostConnection: HostComposition ext ANDROID_EMU_CHECKSUM_HELPER_v1 ANDROID_EMU_native_sync_v2 ANDROID_EMU_native_sync_v3 ANDROID_EMU_native_sync_v4 ANDROID_EMU_dma_v1 ANDROID_EMU_direct_mem ANDROID_EMU_host_composition_v1 ANDROID_EMU_host_composition_v2 ANDROID_EMU_vulkan ANDROID_EMU_deferred_vulkan_commands ANDROID_EMU_vulkan_null_optional_strings ANDROID_EMU_vulkan_create_resources_with_requirements ANDROID_EMU_YUV_Cache ANDROID_EMU_vulkan_ignored_handles ANDROID_EMU_has_shared_slots_host_memory_allocator ANDROID_EMU_vulkan_free_memory_sync ANDROID_EMU_vulkan_shader_float16_int8 ANDROID_EMU_vulkan_async_queue_submit ANDROID_EMU_sync_buffer_data ANDROID_EMU_read_color_buffer_dma GL_OES_vertex_array_object GL_KHR_texture_compression_astc_ldr ANDROID_EMU_host_side_tracing ANDROID_EMU_gles_max_version_2
12-01 02:58:23.788   302  6346 D goldfish-address-space: claimShared: Ask to claim region [0x3f2a8f000 0x3f33f4000]
12-01 02:58:23.793   302  6346 D goldfish-address-space: claimShared: Ask to claim region [0x3f4965000 0x3f52ca000]
12-01 02:58:23.811   527   551 D ArtManagerInternalImpl: /data/misc/iorapd/com.example.lunchtray/1/androidx.fragment.app.testing.FragmentScenario$EmptyFragmentActivity/compiled_traces/compiled_trace.pb doesn't exist
12-01 02:58:23.812   527   545 D EventSequenceValidator: dec AccIntentStartedEvents to 1
12-01 02:58:23.813   527   551 I ActivityTaskManager: Displayed com.example.lunchtray/androidx.fragment.app.testing.FragmentScenario$EmptyFragmentActivity: +319ms
12-01 02:58:23.887  1594  1594 I dnxw    : onStop
12-01 02:58:23.908 14020 14020 D LifecycleMonitor: Lifecycle status change: androidx.test.core.app.InstrumentationActivityInvoker$BootstrapActivity@9528f80 in: STOPPED
12-01 02:58:23.908 14020 14020 V ActivityScenario: Activity lifecycle changed event received but ignored because the intent does not match. startActivityIntent=Intent { act=android.intent.action.MAIN cat=[android.intent.category.LAUNCHER] cmp=com.example.lunchtray/androidx.fragment.app.testing.FragmentScenario$EmptyFragmentActivity (has extras) }, activity.getIntent()=Intent { act=android.intent.action.MAIN cat=[android.intent.category.LAUNCHER] flg=0x10008000 cmp=com.example.lunchtray/androidx.test.core.app.InstrumentationActivityInvoker$BootstrapActivity (has extras) }, activity=androidx.test.core.app.InstrumentationActivityInvoker$BootstrapActivity@9528f80
12-01 02:58:24.079 14020 14042 D EventInjectionStrategy: Creating injection strategy with input manager.
12-01 02:58:24.079 14020 14042 W ample.lunchtra: Accessing hidden method Landroid/hardware/input/InputManager;->getInstance()Landroid/hardware/input/InputManager; (greylist, reflection, allowed)
12-01 02:58:24.079 14020 14042 W ample.lunchtra: Accessing hidden method Landroid/hardware/input/InputManager;->injectInputEvent(Landroid/view/InputEvent;I)Z (greylist, reflection, allowed)
12-01 02:58:24.079 14020 14042 W ample.lunchtra: Accessing hidden field Landroid/hardware/input/InputManager;->INJECT_INPUT_EVENT_MODE_WAIT_FOR_FINISH:I (greylist, reflection, allowed)
12-01 02:58:24.092 14020 14042 W ample.lunchtra: Accessing hidden method Landroid/view/ViewConfiguration;->getDoubleTapMinTime()I (greylist, reflection, allowed)
12-01 02:58:24.099 14020 14020 W ample.lunchtra: Accessing hidden method Landroid/os/MessageQueue;->next()Landroid/os/Message; (greylist, reflection, allowed)
12-01 02:58:24.099 14020 14020 W ample.lunchtra: Accessing hidden field Landroid/os/MessageQueue;->mMessages:Landroid/os/Message; (greylist, reflection, allowed)
12-01 02:58:24.100 14020 14020 W ample.lunchtra: Accessing hidden method Landroid/os/Message;->recycleUnchecked()V (greylist, reflection, allowed)
12-01 02:58:24.137 14020 14020 W ample.lunchtra: Accessing hidden method Landroid/view/WindowManagerGlobal;->getInstance()Landroid/view/WindowManagerGlobal; (greylist, reflection, allowed)
12-01 02:58:24.137 14020 14020 W ample.lunchtra: Accessing hidden field Landroid/view/WindowManagerGlobal;->mViews:Ljava/util/ArrayList; (greylist, reflection, allowed)
12-01 02:58:24.137 14020 14020 W ample.lunchtra: Accessing hidden field Landroid/view/WindowManagerGlobal;->mParams:Ljava/util/ArrayList; (greylist, reflection, allowed)
12-01 02:58:24.142  1135  1154 I FontLog : (REDACTED) Received query %s, URI %s
12-01 02:58:24.142  1135  1154 I FontLog : (REDACTED) Query [%s] resolved to %s
12-01 02:58:24.146  1135  1154 I FontLog : (REDACTED) Fetch %s end status %s
12-01 02:58:24.148 14020 14020 I ViewInteraction: Performing 'single click' action on view view.getId() is <2131230842/com.example.lunchtray:id/cancel_button>
12-01 02:58:24.159  1135  1154 I FontLog : (REDACTED) Pulling font file for id = %d, cache size = %d
12-01 02:58:24.162  1135  1154 I FontLog : (REDACTED) Pulling font file for id = %d, cache size = %d
12-01 02:58:24.421 14020 14042 E TestRunner: failed: navigate_to_start_order_from_checkout(com.example.lunchtray.NavigationTests)
12-01 02:58:24.421 14020 14042 E TestRunner: ----- begin exception -----
12-01 02:58:24.421 14020 14042 E TestRunner: java.lang.AssertionError: expected:<2131230857> but was:<2131231204>
12-01 02:58:24.421 14020 14042 E TestRunner: 	at org.junit.Assert.fail(Assert.java:88)
12-01 02:58:24.421 14020 14042 E TestRunner: 	at org.junit.Assert.failNotEquals(Assert.java:834)
12-01 02:58:24.421 14020 14042 E TestRunner: 	at org.junit.Assert.assertEquals(Assert.java:118)
12-01 02:58:24.421 14020 14042 E TestRunner: 	at org.junit.Assert.assertEquals(Assert.java:144)
12-01 02:58:24.421 14020 14042 E TestRunner: 	at com.example.lunchtray.NavigationTests.navigate_to_start_order_from_checkout(NavigationTests.kt:200)
12-01 02:58:24.421 14020 14042 E TestRunner: 	at java.lang.reflect.Method.invoke(Native Method)
12-01 02:58:24.421 14020 14042 E TestRunner: 	at org.junit.runners.model.FrameworkMethod$1.runReflectiveCall(FrameworkMethod.java:50)
12-01 02:58:24.421 14020 14042 E TestRunner: 	at org.junit.internal.runners.model.ReflectiveCallable.run(ReflectiveCallable.java:12)
12-01 02:58:24.421 14020 14042 E TestRunner: 	at org.junit.runners.model.FrameworkMethod.invokeExplosively(FrameworkMethod.java:47)
12-01 02:58:24.421 14020 14042 E TestRunner: 	at org.junit.internal.runners.statements.InvokeMethod.evaluate(InvokeMethod.java:17)
12-01 02:58:24.421 14020 14042 E TestRunner: 	at org.junit.runners.ParentRunner.runLeaf(ParentRunner.java:325)
12-01 02:58:24.421 14020 14042 E TestRunner: 	at org.junit.runners.BlockJUnit4ClassRunner.runChild(BlockJUnit4ClassRunner.java:78)
12-01 02:58:24.421 14020 14042 E TestRunner: 	at org.junit.runners.BlockJUnit4ClassRunner.runChild(BlockJUnit4ClassRunner.java:57)
12-01 02:58:24.421 14020 14042 E TestRunner: 	at org.junit.runners.ParentRunner$3.run(ParentRunner.java:290)
12-01 02:58:24.421 14020 14042 E TestRunner: 	at org.junit.runners.ParentRunner$1.schedule(ParentRunner.java:71)
12-01 02:58:24.421 14020 14042 E TestRunner: 	at org.junit.runners.ParentRunner.runChildren(ParentRunner.java:288)
12-01 02:58:24.421 14020 14042 E TestRunner: 	at org.junit.runners.ParentRunner.access$000(ParentRunner.java:58)
12-01 02:58:24.421 14020 14042 E TestRunner: 	at org.junit.runners.ParentRunner$2.evaluate(ParentRunner.java:268)
12-01 02:58:24.421 14020 14042 E TestRunner: 	at org.junit.runners.ParentRunner.run(ParentRunner.java:363)
12-01 02:58:24.421 14020 14042 E TestRunner: 	at androidx.test.ext.junit.runners.AndroidJUnit4.run(AndroidJUnit4.java:162)
12-01 02:58:24.421 14020 14042 E TestRunner: 	at org.junit.runners.Suite.runChild(Suite.java:128)
12-01 02:58:24.421 14020 14042 E TestRunner: 	at org.junit.runners.Suite.runChild(Suite.java:27)
12-01 02:58:24.421 14020 14042 E TestRunner: 	at org.junit.runners.ParentRunner$3.run(ParentRunner.java:290)
12-01 02:58:24.421 14020 14042 E TestRunner: 	at org.junit.runners.ParentRunner$1.schedule(ParentRunner.java:71)
12-01 02:58:24.421 14020 14042 E TestRunner: 	at org.junit.runners.ParentRunner.runChildren(ParentRunner.java:288)
12-01 02:58:24.421 14020 14042 E TestRunner: 	at org.junit.runners.ParentRunner.access$000(ParentRunner.java:58)
12-01 02:58:24.421 14020 14042 E TestRunner: 	at org.junit.runners.ParentRunner$2.evaluate(ParentRunner.java:268)
12-01 02:58:24.421 14020 14042 E TestRunner: 	at org.junit.runners.ParentRunner.run(ParentRunner.java:363)
12-01 02:58:24.421 14020 14042 E TestRunner: 	at org.junit.runner.JUnitCore.run(JUnitCore.java:137)
12-01 02:58:24.421 14020 14042 E TestRunner: 	at org.junit.runner.JUnitCore.run(JUnitCore.java:115)
12-01 02:58:24.421 14020 14042 E TestRunner: 	at androidx.test.internal.runner.TestExecutor.execute(TestExecutor.java:56)
12-01 02:58:24.421 14020 14042 E TestRunner: 	at androidx.test.runner.AndroidJUnitRunner.onStart(AndroidJUnitRunner.java:444)
12-01 02:58:24.421 14020 14042 E TestRunner: 	at android.app.Instrumentation$InstrumentationThread.run(Instrumentation.java:2205)
12-01 02:58:24.421 14020 14042 E TestRunner: ----- end exception -----
12-01 02:58:24.424 14020 14042 I TestRunner: finished: navigate_to_start_order_from_checkout(com.example.lunchtray.NavigationTests)
