12-01 02:58:25.013 14020 14042 I TestRunner: started: navigate_to_start_order_from_entree_menu(com.example.lunchtray.NavigationTests)
12-01 02:58:25.016 14020 14020 D LifecycleMonitor: Lifecycle status change: androidx.fragment.app.testing.FragmentScenario$EmptyFragmentActivity@eefb662 in: DESTROYED
12-01 02:58:25.017 14020 14020 V ActivityScenario: Update currentActivityStage to DESTROYED, currentActivity=null
12-01 02:58:25.024 14020 14042 W Settings: Setting always_finish_activities has moved from android.provider.Settings.System to android.provider.Settings.Global, returning read-only value.
12-01 02:58:25.028   527   545 D EventSequenceValidator: inc AccIntentStartedEvents to 2
12-01 02:58:25.034   527  2212 W InputReader: Device virtio_input_multi_touch_9 is associated with display ADISPLAY_ID_NONE.
12-01 02:58:25.034   527  2212 W InputReader: Device virtio_input_multi_touch_7 is associated with display ADISPLAY_ID_NONE.
12-01 02:58:25.034   527  2212 W InputReader: Device virtio_input_multi_touch_10 is associated with display ADISPLAY_ID_NONE.
12-01 02:58:25.034   527  2212 W InputReader: Device virtio_input_multi_touch_4 is associated with display ADISPLAY_ID_NONE.
12-01 02:58:25.034   527  2212 W InputReader: Device virtio_input_multi_touch_11 is associated with display ADISPLAY_ID_NONE.
12-01 02:58:25.034   527  2212 W InputReader: Device virtio_input_multi_touch_6 is associated with display ADISPLAY_ID_NONE.
12-01 02:58:25.034   527  2212 W InputReader: Device virtio_input_multi_touch_5 is associated with display ADISPLAY_ID_NONE.
12-01 02:58:25.034   527  2212 W InputReader: Device virtio_input_multi_touch_3 is associated with display ADISPLAY_ID_NONE.
12-01 02:58:25.034   527  2212 W InputReader: Device virtio_input_multi_touch_2 is associated with display ADISPLAY_ID_NONE.
12-01 02:58:25.034   527  2212 W InputReader: Device virtio_input_multi_touch_8 is associated with display ADISPLAY_ID_NONE.
12-01 02:58:25.034   527  2212 W InputReader: Device virtio_input_multi_touch_9 is associated with display ADISPLAY_ID_NONE.
12-01 02:58:25.034   527  2212 W InputReader: Device virtio_input_multi_touch_7 is associated with display ADISPLAY_ID_NONE.
12-01 02:58:25.034   527  2212 W InputReader: Device virtio_input_multi_touch_10 is associated with display ADISPLAY_ID_NONE.
12-01 02:58:25.034   527  2212 W InputReader: Device virtio_input_multi_touch_4 is associated with display ADISPLAY_ID_NONE.
12-01 02:58:25.034   527  2212 W InputReader: Device virtio_input_multi_touch_11 is associated with display ADISPLAY_ID_NONE.
12-01 02:58:25.034   527  2212 W InputReader: Device virtio_input_multi_touch_6 is associated with display ADISPLAY_ID_NONE.
12-01 02:58:25.034   527  2212 W InputReader: Device virtio_input_multi_touch_5 is associated with display ADISPLAY_ID_NONE.
12-01 02:58:25.034   527  2212 W InputReader: Device virtio_input_multi_touch_3 is associated with display ADISPLAY_ID_NONE.
12-01 02:58:25.034   527  2212 W InputReader: Device virtio_input_multi_touch_2 is associated with display ADISPLAY_ID_NONE.
12-01 02:58:25.034   527  2212 W InputReader: Device virtio_input_multi_touch_8 is associated with display ADISPLAY_ID_NONE.
12-01 02:58:25.043 14020 14020 D LifecycleMonitor: Lifecycle status change: androidx.test.core.app.InstrumentationActivityInvoker$BootstrapActivity@bb6d3fa in: PRE_ON_CREATE
12-01 02:58:25.043 14020 14020 V ActivityScenario: Activity lifecycle changed event received but ignored because the intent does not match. startActivityIntent=Intent { act=android.intent.action.MAIN cat=[android.intent.category.LAUNCHER] cmp=com.example.lunchtray/androidx.fragment.app.testing.FragmentScenario$EmptyFragmentActivity (has extras) }, activity.getIntent()=Intent { act=android.intent.action.MAIN cat=[android.intent.category.LAUNCHER] flg=0x10008000 cmp=com.example.lunchtray/androidx.test.core.app.InstrumentationActivityInvoker$BootstrapActivity (has extras) }, activity=androidx.test.core.app.InstrumentationActivityInvoker$BootstrapActivity@bb6d3fa
12-01 02:58:25.044 14020 14020 V ActivityScenario: Activity lifecycle changed event received but ignored because the intent does not match. startActivityIntent=Intent { act=android.intent.action.MAIN cat=[android.intent.category.LAUNCHER] cmp=com.example.lunchtray/androidx.fragment.app.testing.FragmentScenario$EmptyFragmentActivity (has extras) }, activity.getIntent()=Intent { act=android.intent.action.MAIN cat=[android.intent.category.LAUNCHER] flg=0x10008000 cmp=com.example.lunchtray/androidx.test.core.app.InstrumentationActivityInvoker$BootstrapActivity (has extras) }, activity=androidx.test.core.app.InstrumentationActivityInvoker$BootstrapActivity@bb6d3fa
12-01 02:58:25.049 14020 14020 D LifecycleMonitor: Lifecycle status change: androidx.test.core.app.InstrumentationActivityInvoker$BootstrapActivity@bb6d3fa in: CREATED
12-01 02:58:25.050 14020 14020 V ActivityScenario: Activity lifecycle changed event received but ignored because the intent does not match. startActivityIntent=Intent { act=android.intent.action.MAIN cat=[android.intent.category.LAUNCHER] cmp=com.example.lunchtray/androidx.fragment.app.testing.FragmentScenario$EmptyFragmentActivity (has extras) }, activity.getIntent()=Intent { act=android.intent.action.MAIN cat=[android.intent.category.LAUNCHER] flg=0x10008000 cmp=com.example.lunchtray/androidx.test.core.app.InstrumentationActivityInvoker$BootstrapActivity (has extras) }, activity=androidx.test.core.app.InstrumentationActivityInvoker$BootstrapActivity@bb6d3fa
12-01 02:58:25.050 14020 14020 V ActivityScenario: Activity lifecycle changed event received but ignored because the intent does not match. startActivityIntent=Intent { act=android.intent.action.MAIN cat=[android.intent.category.LAUNCHER] cmp=com.example.lunchtray/androidx.fragment.app.testing.FragmentScenario$EmptyFragmentActivity (has extras) }, activity.getIntent()=Intent { act=android.intent.action.MAIN cat=[android.intent.category.LAUNCHER] flg=0x10008000 cmp=com.example.lunchtray/androidx.test.core.app.InstrumentationActivityInvoker$BootstrapActivity (has extras) }, activity=androidx.test.core.app.InstrumentationActivityInvoker$BootstrapActivity@bb6d3fa
12-01 02:58:25.054   302   363 D goldfish-address-space: claimShared: Ask to claim region [0x3f0000000 0x3f0965000]
12-01 02:58:25.055 14020 14020 D LifecycleMonitor: Lifecycle status change: androidx.test.core.app.InstrumentationActivityInvoker$BootstrapActivity@bb6d3fa in: STARTED
12-01 02:58:25.055 14020 14020 V ActivityScenario: Activity lifecycle changed event received but ignored because the intent does not match. startActivityIntent=Intent { act=android.intent.action.MAIN cat=[android.intent.category.LAUNCHER] cmp=com.example.lunchtray/androidx.fragment.app.testing.FragmentScenario$EmptyFragmentActivity (has extras) }, activity.getIntent()=Intent { act=android.intent.action.MAIN cat=[android.intent.category.LAUNCHER] flg=0x10008000 cmp=com.example.lunchtray/androidx.test.core.app.InstrumentationActivityInvoker$BootstrapActivity (has extras) }, activity=androidx.test.core.app.InstrumentationActivityInvoker$BootstrapActivity@bb6d3fa
12-01 02:58:25.055 14020 14020 V ActivityScenario: Activity lifecycle changed event received but ignored because the intent does not match. startActivityIntent=Intent { act=android.intent.action.MAIN cat=[android.intent.category.LAUNCHER] cmp=com.example.lunchtray/androidx.fragment.app.testing.FragmentScenario$EmptyFragmentActivity (has extras) }, activity.getIntent()=Intent { act=android.intent.action.MAIN cat=[android.intent.category.LAUNCHER] flg=0x10008000 cmp=com.example.lunchtray/androidx.test.core.app.InstrumentationActivityInvoker$BootstrapActivity (has extras) }, activity=androidx.test.core.app.InstrumentationActivityInvoker$BootstrapActivity@bb6d3fa
12-01 02:58:25.062 14020 14020 D LifecycleMonitor: Lifecycle status change: androidx.test.core.app.InstrumentationActivityInvoker$BootstrapActivity@bb6d3fa in: RESUMED
12-01 02:58:25.062 14020 14020 V ActivityScenario: Activity lifecycle changed event received but ignored because the intent does not match. startActivityIntent=Intent { act=android.intent.action.MAIN cat=[android.intent.category.LAUNCHER] cmp=com.example.lunchtray/androidx.fragment.app.testing.FragmentScenario$EmptyFragmentActivity (has extras) }, activity.getIntent()=Intent { act=android.intent.action.MAIN cat=[android.intent.category.LAUNCHER] flg=0x10008000 cmp=com.example.lunchtray/androidx.test.core.app.InstrumentationActivityInvoker$BootstrapActivity (has extras) }, activity=androidx.test.core.app.InstrumentationActivityInvoker$BootstrapActivity@bb6d3fa
12-01 02:58:25.062 14020 14020 V ActivityScenario: Activity lifecycle changed event received but ignored because the intent does not match. startActivityIntent=Intent { act=android.intent.action.MAIN cat=[android.intent.category.LAUNCHER] cmp=com.example.lunchtray/androidx.fragment.app.testing.FragmentScenario$EmptyFragmentActivity (has extras) }, activity.getIntent()=Intent { act=android.intent.action.MAIN cat=[android.intent.category.LAUNCHER] flg=0x10008000 cmp=com.example.lunchtray/androidx.test.core.app.InstrumentationActivityInvoker$BootstrapActivity (has extras) }, activity=androidx.test.core.app.InstrumentationActivityInvoker$BootstrapActivity@bb6d3fa
12-01 02:58:25.066 14020 14020 D LifecycleMonitor: Lifecycle status change: androidx.test.core.app.InstrumentationActivityInvoker$BootstrapActivity@bb6d3fa in: PAUSED
12-01 02:58:25.066 14020 14020 V ActivityScenario: Activity lifecycle changed event received but ignored because the intent does not match. startActivityIntent=Intent { act=android.intent.action.MAIN cat=[android.intent.category.LAUNCHER] cmp=com.example.lunchtray/androidx.fragment.app.testing.FragmentScenario$EmptyFragmentActivity (has extras) }, activity.getIntent()=Intent { act=android.intent.action.MAIN cat=[android.intent.category.LAUNCHER] flg=0x10008000 cmp=com.example.lunchtray/androidx.test.core.app.InstrumentationActivityInvoker$BootstrapActivity (has extras) }, activity=androidx.test.core.app.InstrumentationActivityInvoker$BootstrapActivity@bb6d3fa
12-01 02:58:25.066 14020 14020 V ActivityScenario: Activity lifecycle changed event received but ignored because the intent does not match. startActivityIntent=Intent { act=android.intent.action.MAIN cat=[android.intent.category.LAUNCHER] cmp=com.example.lunchtray/androidx.fragment.app.testing.FragmentScenario$EmptyFragmentActivity (has extras) }, activity.getIntent()=Intent { act=android.intent.action.MAIN cat=[android.intent.category.LAUNCHER] flg=0x10008000 cmp=com.example.lunchtray/androidx.test.core.app.InstrumentationActivityInvoker$BootstrapActivity (has extras) }, activity=androidx.test.core.app.InstrumentationActivityInvoker$BootstrapActivity@bb6d3fa
12-01 02:58:25.067   527   867 W InputReader: Device virtio_input_multi_touch_9 is associated with display ADISPLAY_ID_NONE.
12-01 02:58:25.067   527   867 W InputReader: Device virtio_input_multi_touch_7 is associated with display ADISPLAY_ID_NONE.
12-01 02:58:25.067   527   867 W InputReader: Device virtio_input_multi_touch_10 is associated with display ADISPLAY_ID_NONE.
12-01 02:58:25.068   527   867 W InputReader: Device virtio_input_multi_touch_4 is associated with display ADISPLAY_ID_NONE.
12-01 02:58:25.068   527   867 W InputReader: Device virtio_input_multi_touch_11 is associated with display ADISPLAY_ID_NONE.
12-01 02:58:25.068   527   867 W InputReader: Device virtio_input_multi_touch_6 is associated with display ADISPLAY_ID_NONE.
12-01 02:58:25.068   527   867 W InputReader: Device virtio_input_multi_touch_5 is associated with display ADISPLAY_ID_NONE.
12-01 02:58:25.068   527   867 W InputReader: Device virtio_input_multi_touch_3 is associated with display ADISPLAY_ID_NONE.
12-01 02:58:25.068   527   867 W InputReader: Device virtio_input_multi_touch_2 is associated with display ADISPLAY_ID_NONE.
12-01 02:58:25.068   527   867 W InputReader: Device virtio_input_multi_touch_8 is associated with display ADISPLAY_ID_NONE.
12-01 02:58:25.068   527   867 W InputReader: Device virtio_input_multi_touch_9 is associated with display ADISPLAY_ID_NONE.
12-01 02:58:25.068   527   867 W InputReader: Device virtio_input_multi_touch_7 is associated with display ADISPLAY_ID_NONE.
12-01 02:58:25.068   527   867 W InputReader: Device virtio_input_multi_touch_10 is associated with display ADISPLAY_ID_NONE.
12-01 02:58:25.068   527   867 W InputReader: Device virtio_input_multi_touch_4 is associated with display ADISPLAY_ID_NONE.
12-01 02:58:25.068   527   867 W InputReader: Device virtio_input_multi_touch_11 is associated with display ADISPLAY_ID_NONE.
12-01 02:58:25.068   527   867 W InputReader: Device virtio_input_multi_touch_6 is associated with display ADISPLAY_ID_NONE.
12-01 02:58:25.068   527   867 W InputReader: Device virtio_input_multi_touch_5 is associated with display ADISPLAY_ID_NONE.
12-01 02:58:25.068   527   867 W InputReader: Device virtio_input_multi_touch_3 is associated with display ADISPLAY_ID_NONE.
12-01 02:58:25.068   527   867 W InputReader: Device virtio_input_multi_touch_2 is associated with display ADISPLAY_ID_NONE.
12-01 02:58:25.069   527   867 W InputReader: Device virtio_input_multi_touch_8 is associated with display ADISPLAY_ID_NONE.
12-01 02:58:25.078 14020 14020 D LifecycleMonitor: Lifecycle status change: androidx.fragment.app.testing.FragmentScenario$EmptyFragmentActivity@6331723 in: PRE_ON_CREATE
12-01 02:58:25.079 14020 14020 V ActivityScenario: Activity lifecycle changed event received but ignored because the reported transition was not ON_CREATE while the last known transition was DESTROYED
12-01 02:58:25.079 14020 14020 V ActivityScenario: Activity lifecycle changed event received but ignored because the reported transition was not ON_CREATE while the last known transition was PRE_ON_CREATE
12-01 02:58:25.092 14020 14020 D LifecycleMonitor: Lifecycle status change: androidx.fragment.app.testing.FragmentScenario$EmptyFragmentActivity@6331723 in: CREATED
12-01 02:58:25.093 14020 14020 V ActivityScenario: Update currentActivityStage to CREATED, currentActivity=androidx.fragment.app.testing.FragmentScenario$EmptyFragmentActivity@6331723
12-01 02:58:25.093 14020 14020 V ActivityScenario: Update currentActivityStage to CREATED, currentActivity=androidx.fragment.app.testing.FragmentScenario$EmptyFragmentActivity@6331723
12-01 02:58:25.098 14020 14020 D LifecycleMonitor: Lifecycle status change: androidx.fragment.app.testing.FragmentScenario$EmptyFragmentActivity@6331723 in: STARTED
12-01 02:58:25.099 14020 14020 V ActivityScenario: Update currentActivityStage to STARTED, currentActivity=androidx.fragment.app.testing.FragmentScenario$EmptyFragmentActivity@6331723
12-01 02:58:25.099 14020 14020 V ActivityScenario: Update currentActivityStage to STARTED, currentActivity=androidx.fragment.app.testing.FragmentScenario$EmptyFragmentActivity@6331723
12-01 02:58:25.100 14020 14020 D LifecycleMonitor: Lifecycle status change: androidx.fragment.app.testing.FragmentScenario$EmptyFragmentActivity@6331723 in: RESUMED
12-01 02:58:25.100 14020 14020 V ActivityScenario: Update currentActivityStage to RESUMED, currentActivity=androidx.fragment.app.testing.FragmentScenario$EmptyFragmentActivity@6331723
12-01 02:58:25.100 14020 14020 V ActivityScenario: Update currentActivityStage to RESUMED, currentActivity=androidx.fragment.app.testing.FragmentScenario$EmptyFragmentActivity@6331723
12-01 02:58:25.102   302   363 D goldfish-address-space: claimShared: Ask to claim region [0x3f2a8f000 0x3f33f4000]
12-01 02:58:25.128   302   363 D goldfish-address-space: claimShared: Ask to claim region [0x3ec965000 0x3ed2ca000]
12-01 02:58:25.133  1594  1594 I dnxw    : onPause
12-01 02:58:25.149   302   363 D goldfish-address-space: claimShared: Ask to claim region [0x3edd09000 0x3ee66e000]
12-01 02:58:25.151  1594  2028 V ClearcutMetricXmitter: Transmission is done.
12-01 02:58:25.151 11245 11265 I Finsky  : [864] ocm.run(189): Stats for Executor: BlockingExecutor oks@49a42bb[Running, pool size = 2, active threads = 0, queued tasks = 0, completed tasks = 77]
12-01 02:58:25.152 11245 11265 I Finsky  : [864] ocm.run(189): Stats for Executor: LightweightExecutor oks@da593d8[Running, pool size = 3, active threads = 0, queued tasks = 0, completed tasks = 1141]
12-01 02:58:25.152   302   363 D goldfish-address-space: claimShared: Ask to claim region [0x3f0f68000 0x3f18cd000]
12-01 02:58:25.152 11245 11265 I Finsky  : [864] ocm.run(189): Stats for Executor: bgExecutor oks@39bf331[Running, pool size = 4, active threads = 0, queued tasks = 0, completed tasks = 4756]
12-01 02:58:25.158   527   551 D ArtManagerInternalImpl: /data/misc/iorapd/com.example.lunchtray/1/androidx.fragment.app.testing.FragmentScenario$EmptyFragmentActivity/compiled_traces/compiled_trace.pb doesn't exist
12-01 02:58:25.158   527   551 I ActivityTaskManager: Displayed com.example.lunchtray/androidx.fragment.app.testing.FragmentScenario$EmptyFragmentActivity: +129ms
12-01 02:58:25.160   527   545 D EventSequenceValidator: dec AccIntentStartedEvents to 1
12-01 02:58:25.161  1594  1594 I dnxw    : onStop
12-01 02:58:25.216 14020 14020 D LifecycleMonitor: Lifecycle status change: androidx.test.core.app.InstrumentationActivityInvoker$BootstrapActivity@bb6d3fa in: STOPPED
12-01 02:58:25.216 14020 14020 V ActivityScenario: Activity lifecycle changed event received but ignored because the intent does not match. startActivityIntent=Intent { act=android.intent.action.MAIN cat=[android.intent.category.LAUNCHER] cmp=com.example.lunchtray/androidx.fragment.app.testing.FragmentScenario$EmptyFragmentActivity (has extras) }, activity.getIntent()=Intent { act=android.intent.action.MAIN cat=[android.intent.category.LAUNCHER] flg=0x10008000 cmp=com.example.lunchtray/androidx.test.core.app.InstrumentationActivityInvoker$BootstrapActivity (has extras) }, activity=androidx.test.core.app.InstrumentationActivityInvoker$BootstrapActivity@bb6d3fa
12-01 02:58:25.217 14020 14020 V ActivityScenario: Activity lifecycle changed event received but ignored because the intent does not match. startActivityIntent=Intent { act=android.intent.action.MAIN cat=[android.intent.category.LAUNCHER] cmp=com.example.lunchtray/androidx.fragment.app.testing.FragmentScenario$EmptyFragmentActivity (has extras) }, activity.getIntent()=Intent { act=android.intent.action.MAIN cat=[android.intent.category.LAUNCHER] flg=0x10008000 cmp=com.example.lunchtray/androidx.test.core.app.InstrumentationActivityInvoker$BootstrapActivity (has extras) }, activity=androidx.test.core.app.InstrumentationActivityInvoker$BootstrapActivity@bb6d3fa
12-01 02:58:25.294 14020 14020 I ViewInteraction: Performing 'single click' action on view view.getId() is <2131230842/com.example.lunchtray:id/cancel_button>
12-01 02:58:25.557 14020 14042 E TestRunner: failed: navigate_to_start_order_from_entree_menu(com.example.lunchtray.NavigationTests)
12-01 02:58:25.557 14020 14042 E TestRunner: ----- begin exception -----
12-01 02:58:25.558 14020 14042 E TestRunner: java.lang.AssertionError: expected:<2131230935> but was:<2131231204>
12-01 02:58:25.558 14020 14042 E TestRunner: 	at org.junit.Assert.fail(Assert.java:88)
12-01 02:58:25.558 14020 14042 E TestRunner: 	at org.junit.Assert.failNotEquals(Assert.java:834)
12-01 02:58:25.558 14020 14042 E TestRunner: 	at org.junit.Assert.assertEquals(Assert.java:118)
12-01 02:58:25.558 14020 14042 E TestRunner: 	at org.junit.Assert.assertEquals(Assert.java:144)
12-01 02:58:25.558 14020 14042 E TestRunner: 	at com.example.lunchtray.NavigationTests.navigate_to_start_order_from_entree_menu(NavigationTests.kt:83)
12-01 02:58:25.558 14020 14042 E TestRunner: 	at java.lang.reflect.Method.invoke(Native Method)
12-01 02:58:25.558 14020 14042 E TestRunner: 	at org.junit.runners.model.FrameworkMethod$1.runReflectiveCall(FrameworkMethod.java:50)
12-01 02:58:25.558 14020 14042 E TestRunner: 	at org.junit.internal.runners.model.ReflectiveCallable.run(ReflectiveCallable.java:12)
12-01 02:58:25.558 14020 14042 E TestRunner: 	at org.junit.runners.model.FrameworkMethod.invokeExplosively(FrameworkMethod.java:47)
12-01 02:58:25.558 14020 14042 E TestRunner: 	at org.junit.internal.runners.statements.InvokeMethod.evaluate(InvokeMethod.java:17)
12-01 02:58:25.558 14020 14042 E TestRunner: 	at org.junit.runners.ParentRunner.runLeaf(ParentRunner.java:325)
12-01 02:58:25.558 14020 14042 E TestRunner: 	at org.junit.runners.BlockJUnit4ClassRunner.runChild(BlockJUnit4ClassRunner.java:78)
12-01 02:58:25.558 14020 14042 E TestRunner: 	at org.junit.runners.BlockJUnit4ClassRunner.runChild(BlockJUnit4ClassRunner.java:57)
12-01 02:58:25.558 14020 14042 E TestRunner: 	at org.junit.runners.ParentRunner$3.run(ParentRunner.java:290)
12-01 02:58:25.558 14020 14042 E TestRunner: 	at org.junit.runners.ParentRunner$1.schedule(ParentRunner.java:71)
12-01 02:58:25.558 14020 14042 E TestRunner: 	at org.junit.runners.ParentRunner.runChildren(ParentRunner.java:288)
12-01 02:58:25.558 14020 14042 E TestRunner: 	at org.junit.runners.ParentRunner.access$000(ParentRunner.java:58)
12-01 02:58:25.558 14020 14042 E TestRunner: 	at org.junit.runners.ParentRunner$2.evaluate(ParentRunner.java:268)
12-01 02:58:25.558 14020 14042 E TestRunner: 	at org.junit.runners.ParentRunner.run(ParentRunner.java:363)
12-01 02:58:25.558 14020 14042 E TestRunner: 	at androidx.test.ext.junit.runners.AndroidJUnit4.run(AndroidJUnit4.java:162)
12-01 02:58:25.558 14020 14042 E TestRunner: 	at org.junit.runners.Suite.runChild(Suite.java:128)
12-01 02:58:25.558 14020 14042 E TestRunner: 	at org.junit.runners.Suite.runChild(Suite.java:27)
12-01 02:58:25.558 14020 14042 E TestRunner: 	at org.junit.runners.ParentRunner$3.run(ParentRunner.java:290)
12-01 02:58:25.558 14020 14042 E TestRunner: 	at org.junit.runners.ParentRunner$1.schedule(ParentRunner.java:71)
12-01 02:58:25.558 14020 14042 E TestRunner: 	at org.junit.runners.ParentRunner.runChildren(ParentRunner.java:288)
12-01 02:58:25.558 14020 14042 E TestRunner: 	at org.junit.runners.ParentRunner.access$000(ParentRunner.java:58)
12-01 02:58:25.558 14020 14042 E TestRunner: 	at org.junit.runners.ParentRunner$2.evaluate(ParentRunner.java:268)
12-01 02:58:25.558 14020 14042 E TestRunner: 	at org.junit.runners.ParentRunner.run(ParentRunner.java:363)
12-01 02:58:25.558 14020 14042 E TestRunner: 	at org.junit.runner.JUnitCore.run(JUnitCore.java:137)
12-01 02:58:25.558 14020 14042 E TestRunner: 	at org.junit.runner.JUnitCore.run(JUnitCore.java:115)
12-01 02:58:25.558 14020 14042 E TestRunner: 	at androidx.test.internal.runner.TestExecutor.execute(TestExecutor.java:56)
12-01 02:58:25.558 14020 14042 E TestRunner: 	at androidx.test.runner.AndroidJUnitRunner.onStart(AndroidJUnitRunner.java:444)
12-01 02:58:25.558 14020 14042 E TestRunner: 	at android.app.Instrumentation$InstrumentationThread.run(Instrumentation.java:2205)
12-01 02:58:25.558 14020 14042 E TestRunner: ----- end exception -----
12-01 02:58:25.558 14020 14042 I TestRunner: finished: navigate_to_start_order_from_entree_menu(com.example.lunchtray.NavigationTests)
