12-01 02:58:27.323 14020 14042 I TestRunner: started: navigate_to_entree_menu_from_start_order(com.example.lunchtray.NavigationTests)
12-01 02:58:27.328 14020 14042 W Settings: Setting always_finish_activities has moved from android.provider.Settings.System to android.provider.Settings.Global, returning read-only value.
12-01 02:58:27.333   527   545 D EventSequenceValidator: inc AccIntentStartedEvents to 2
12-01 02:58:27.342   527  2214 W InputReader: Device virtio_input_multi_touch_9 is associated with display ADISPLAY_ID_NONE.
12-01 02:58:27.342   527  2214 W InputReader: Device virtio_input_multi_touch_7 is associated with display ADISPLAY_ID_NONE.
12-01 02:58:27.342   527  2214 W InputReader: Device virtio_input_multi_touch_10 is associated with display ADISPLAY_ID_NONE.
12-01 02:58:27.342   527  2214 W InputReader: Device virtio_input_multi_touch_4 is associated with display ADISPLAY_ID_NONE.
12-01 02:58:27.342   527  2214 W InputReader: Device virtio_input_multi_touch_11 is associated with display ADISPLAY_ID_NONE.
12-01 02:58:27.342   527  2214 W InputReader: Device virtio_input_multi_touch_6 is associated with display ADISPLAY_ID_NONE.
12-01 02:58:27.342   527  2214 W InputReader: Device virtio_input_multi_touch_5 is associated with display ADISPLAY_ID_NONE.
12-01 02:58:27.342   527  2214 W InputReader: Device virtio_input_multi_touch_3 is associated with display ADISPLAY_ID_NONE.
12-01 02:58:27.343   527  2214 W InputReader: Device virtio_input_multi_touch_2 is associated with display ADISPLAY_ID_NONE.
12-01 02:58:27.343   527  2214 W InputReader: Device virtio_input_multi_touch_8 is associated with display ADISPLAY_ID_NONE.
12-01 02:58:27.343   527  2214 W InputReader: Device virtio_input_multi_touch_9 is associated with display ADISPLAY_ID_NONE.
12-01 02:58:27.343   527  2214 W InputReader: Device virtio_input_multi_touch_7 is associated with display ADISPLAY_ID_NONE.
12-01 02:58:27.343   527  2214 W InputReader: Device virtio_input_multi_touch_10 is associated with display ADISPLAY_ID_NONE.
12-01 02:58:27.343   527  2214 W InputReader: Device virtio_input_multi_touch_4 is associated with display ADISPLAY_ID_NONE.
12-01 02:58:27.343   527  2214 W InputReader: Device virtio_input_multi_touch_11 is associated with display ADISPLAY_ID_NONE.
12-01 02:58:27.343   527  2214 W InputReader: Device virtio_input_multi_touch_6 is associated with display ADISPLAY_ID_NONE.
12-01 02:58:27.343   527  2214 W InputReader: Device virtio_input_multi_touch_5 is associated with display ADISPLAY_ID_NONE.
12-01 02:58:27.343   527  2214 W InputReader: Device virtio_input_multi_touch_3 is associated with display ADISPLAY_ID_NONE.
12-01 02:58:27.343   527  2214 W InputReader: Device virtio_input_multi_touch_2 is associated with display ADISPLAY_ID_NONE.
12-01 02:58:27.343   527  2214 W InputReader: Device virtio_input_multi_touch_8 is associated with display ADISPLAY_ID_NONE.
12-01 02:58:27.347 14020 14020 D LifecycleMonitor: Lifecycle status change: androidx.test.core.app.InstrumentationActivityInvoker$BootstrapActivity@3e91b2c in: PRE_ON_CREATE
12-01 02:58:27.347 14020 14020 V ActivityScenario: Activity lifecycle changed event received but ignored because the intent does not match. startActivityIntent=Intent { act=android.intent.action.MAIN cat=[android.intent.category.LAUNCHER] cmp=com.example.lunchtray/androidx.fragment.app.testing.FragmentScenario$EmptyFragmentActivity (has extras) }, activity.getIntent()=Intent { act=android.intent.action.MAIN cat=[android.intent.category.LAUNCHER] flg=0x10008000 cmp=com.example.lunchtray/androidx.test.core.app.InstrumentationActivityInvoker$BootstrapActivity (has extras) }, activity=androidx.test.core.app.InstrumentationActivityInvoker$BootstrapActivity@3e91b2c
12-01 02:58:27.347 14020 14020 I chatty  : uid=10169(com.example.lunchtray) identical 2 lines
12-01 02:58:27.347 14020 14020 V ActivityScenario: Activity lifecycle changed event received but ignored because the intent does not match. startActivityIntent=Intent { act=android.intent.action.MAIN cat=[android.intent.category.LAUNCHER] cmp=com.example.lunchtray/androidx.fragment.app.testing.FragmentScenario$EmptyFragmentActivity (has extras) }, activity.getIntent()=Intent { act=android.intent.action.MAIN cat=[android.intent.category.LAUNCHER] flg=0x10008000 cmp=com.example.lunchtray/androidx.test.core.app.InstrumentationActivityInvoker$BootstrapActivity (has extras) }, activity=androidx.test.core.app.InstrumentationActivityInvoker$BootstrapActivity@3e91b2c
12-01 02:58:27.354   302   364 D goldfish-address-space: claimShared: Ask to claim region [0x3ec000000 0x3ec965000]
12-01 02:58:27.372 14020 14020 D LifecycleMonitor: Lifecycle status change: androidx.test.core.app.InstrumentationActivityInvoker$BootstrapActivity@3e91b2c in: CREATED
12-01 02:58:27.372 14020 14020 V ActivityScenario: Activity lifecycle changed event received but ignored because the intent does not match. startActivityIntent=Intent { act=android.intent.action.MAIN cat=[android.intent.category.LAUNCHER] cmp=com.example.lunchtray/androidx.fragment.app.testing.FragmentScenario$EmptyFragmentActivity (has extras) }, activity.getIntent()=Intent { act=android.intent.action.MAIN cat=[android.intent.category.LAUNCHER] flg=0x10008000 cmp=com.example.lunchtray/androidx.test.core.app.InstrumentationActivityInvoker$BootstrapActivity (has extras) }, activity=androidx.test.core.app.InstrumentationActivityInvoker$BootstrapActivity@3e91b2c
12-01 02:58:27.372 14020 14020 I chatty  : uid=10169(com.example.lunchtray) identical 2 lines
12-01 02:58:27.372 14020 14020 V ActivityScenario: Activity lifecycle changed event received but ignored because the intent does not match. startActivityIntent=Intent { act=android.intent.action.MAIN cat=[android.intent.category.LAUNCHER] cmp=com.example.lunchtray/androidx.fragment.app.testing.FragmentScenario$EmptyFragmentActivity (has extras) }, activity.getIntent()=Intent { act=android.intent.action.MAIN cat=[android.intent.category.LAUNCHER] flg=0x10008000 cmp=com.example.lunchtray/androidx.test.core.app.InstrumentationActivityInvoker$BootstrapActivity (has extras) }, activity=androidx.test.core.app.InstrumentationActivityInvoker$BootstrapActivity@3e91b2c
12-01 02:58:27.373 14020 14020 D LifecycleMonitor: Lifecycle status change: androidx.test.core.app.InstrumentationActivityInvoker$BootstrapActivity@3e91b2c in: STARTED
12-01 02:58:27.373 14020 14020 V ActivityScenario: Activity lifecycle changed event received but ignored because the intent does not match. startActivityIntent=Intent { act=android.intent.action.MAIN cat=[android.intent.category.LAUNCHER] cmp=com.example.lunchtray/androidx.fragment.app.testing.FragmentScenario$EmptyFragmentActivity (has extras) }, activity.getIntent()=Intent { act=android.intent.action.MAIN cat=[android.intent.category.LAUNCHER] flg=0x10008000 cmp=com.example.lunchtray/androidx.test.core.app.InstrumentationActivityInvoker$BootstrapActivity (has extras) }, activity=androidx.test.core.app.InstrumentationActivityInvoker$BootstrapActivity@3e91b2c
12-01 02:58:27.374 14020 14020 I chatty  : uid=10169(com.example.lunchtray) identical 2 lines
12-01 02:58:27.374 14020 14020 V ActivityScenario: Activity lifecycle changed event received but ignored because the intent does not match. startActivityIntent=Intent { act=android.intent.action.MAIN cat=[android.intent.category.LAUNCHER] cmp=com.example.lunchtray/androidx.fragment.app.testing.FragmentScenario$EmptyFragmentActivity (has extras) }, activity.getIntent()=Intent { act=android.intent.action.MAIN cat=[android.intent.category.LAUNCHER] flg=0x10008000 cmp=com.example.lunchtray/androidx.test.core.app.InstrumentationActivityInvoker$BootstrapActivity (has extras) }, activity=androidx.test.core.app.InstrumentationActivityInvoker$BootstrapActivity@3e91b2c
12-01 02:58:27.383 14020 14020 D LifecycleMonitor: Lifecycle status change: androidx.test.core.app.InstrumentationActivityInvoker$BootstrapActivity@3e91b2c in: RESUMED
12-01 02:58:27.383 14020 14020 V ActivityScenario: Activity lifecycle changed event received but ignored because the intent does not match. startActivityIntent=Intent { act=android.intent.action.MAIN cat=[android.intent.category.LAUNCHER] cmp=com.example.lunchtray/androidx.fragment.app.testing.FragmentScenario$EmptyFragmentActivity (has extras) }, activity.getIntent()=Intent { act=android.intent.action.MAIN cat=[android.intent.category.LAUNCHER] flg=0x10008000 cmp=com.example.lunchtray/androidx.test.core.app.InstrumentationActivityInvoker$BootstrapActivity (has extras) }, activity=androidx.test.core.app.InstrumentationActivityInvoker$BootstrapActivity@3e91b2c
12-01 02:58:27.384 14020 14020 I chatty  : uid=10169(com.example.lunchtray) identical 2 lines
12-01 02:58:27.384 14020 14020 V ActivityScenario: Activity lifecycle changed event received but ignored because the intent does not match. startActivityIntent=Intent { act=android.intent.action.MAIN cat=[android.intent.category.LAUNCHER] cmp=com.example.lunchtray/androidx.fragment.app.testing.FragmentScenario$EmptyFragmentActivity (has extras) }, activity.getIntent()=Intent { act=android.intent.action.MAIN cat=[android.intent.category.LAUNCHER] flg=0x10008000 cmp=com.example.lunchtray/androidx.test.core.app.InstrumentationActivityInvoker$BootstrapActivity (has extras) }, activity=androidx.test.core.app.InstrumentationActivityInvoker$BootstrapActivity@3e91b2c
12-01 02:58:27.388 14020 14020 D LifecycleMonitor: Lifecycle status change: androidx.test.core.app.InstrumentationActivityInvoker$BootstrapActivity@3e91b2c in: PAUSED
12-01 02:58:27.388 14020 14020 V ActivityScenario: Activity lifecycle changed event received but ignored because the intent does not match. startActivityIntent=Intent { act=android.intent.action.MAIN cat=[android.intent.category.LAUNCHER] cmp=com.example.lunchtray/androidx.fragment.app.testing.FragmentScenario$EmptyFragmentActivity (has extras) }, activity.getIntent()=Intent { act=android.intent.action.MAIN cat=[android.intent.category.LAUNCHER] flg=0x10008000 cmp=com.example.lunchtray/androidx.test.core.app.InstrumentationActivityInvoker$BootstrapActivity (has extras) }, activity=androidx.test.core.app.InstrumentationActivityInvoker$BootstrapActivity@3e91b2c
12-01 02:58:27.388 14020 14020 I chatty  : uid=10169(com.example.lunchtray) identical 2 lines
12-01 02:58:27.388 14020 14020 V ActivityScenario: Activity lifecycle changed event received but ignored because the intent does not match. startActivityIntent=Intent { act=android.intent.action.MAIN cat=[android.intent.category.LAUNCHER] cmp=com.example.lunchtray/androidx.fragment.app.testing.FragmentScenario$EmptyFragmentActivity (has extras) }, activity.getIntent()=Intent { act=android.intent.action.MAIN cat=[android.intent.category.LAUNCHER] flg=0x10008000 cmp=com.example.lunchtray/androidx.test.core.app.InstrumentationActivityInvoker$BootstrapActivity (has extras) }, activity=androidx.test.core.app.InstrumentationActivityInvoker$BootstrapActivity@3e91b2c
12-01 02:58:27.390   527  2214 W InputReader: Device virtio_input_multi_touch_9 is associated with display ADISPLAY_ID_NONE.
12-01 02:58:27.390   527  2214 W InputReader: Device virtio_input_multi_touch_7 is associated with display ADISPLAY_ID_NONE.
12-01 02:58:27.390   527  2214 W InputReader: Device virtio_input_multi_touch_10 is associated with display ADISPLAY_ID_NONE.
12-01 02:58:27.390   527  2214 W InputReader: Device virtio_input_multi_touch_4 is associated with display ADISPLAY_ID_NONE.
12-01 02:58:27.390   527  2214 W InputReader: Device virtio_input_multi_touch_11 is associated with display ADISPLAY_ID_NONE.
12-01 02:58:27.390   527  2214 W InputReader: Device virtio_input_multi_touch_6 is associated with display ADISPLAY_ID_NONE.
12-01 02:58:27.390   527  2214 W InputReader: Device virtio_input_multi_touch_5 is associated with display ADISPLAY_ID_NONE.
12-01 02:58:27.390   527  2214 W InputReader: Device virtio_input_multi_touch_3 is associated with display ADISPLAY_ID_NONE.
12-01 02:58:27.390   527  2214 W InputReader: Device virtio_input_multi_touch_2 is associated with display ADISPLAY_ID_NONE.
12-01 02:58:27.390   527  2214 W InputReader: Device virtio_input_multi_touch_8 is associated with display ADISPLAY_ID_NONE.
12-01 02:58:27.390   527  2214 W InputReader: Device virtio_input_multi_touch_9 is associated with display ADISPLAY_ID_NONE.
12-01 02:58:27.390   527  2214 W InputReader: Device virtio_input_multi_touch_7 is associated with display ADISPLAY_ID_NONE.
12-01 02:58:27.390   527  2214 W InputReader: Device virtio_input_multi_touch_10 is associated with display ADISPLAY_ID_NONE.
12-01 02:58:27.390   527  2214 W InputReader: Device virtio_input_multi_touch_4 is associated with display ADISPLAY_ID_NONE.
12-01 02:58:27.390   527  2214 W InputReader: Device virtio_input_multi_touch_11 is associated with display ADISPLAY_ID_NONE.
12-01 02:58:27.390   527  2214 W InputReader: Device virtio_input_multi_touch_6 is associated with display ADISPLAY_ID_NONE.
12-01 02:58:27.390   527  2214 W InputReader: Device virtio_input_multi_touch_5 is associated with display ADISPLAY_ID_NONE.
12-01 02:58:27.390   527  2214 W InputReader: Device virtio_input_multi_touch_3 is associated with display ADISPLAY_ID_NONE.
12-01 02:58:27.390   527  2214 W InputReader: Device virtio_input_multi_touch_2 is associated with display ADISPLAY_ID_NONE.
12-01 02:58:27.390   527  2214 W InputReader: Device virtio_input_multi_touch_8 is associated with display ADISPLAY_ID_NONE.
12-01 02:58:27.429 14020 14020 D LifecycleMonitor: Lifecycle status change: androidx.fragment.app.testing.FragmentScenario$EmptyFragmentActivity@7c0a2ad in: PRE_ON_CREATE
12-01 02:58:27.429 14020 14020 V ActivityScenario: Activity lifecycle changed event received but ignored because the reported transition was not ON_CREATE while the last known transition was DESTROYED
12-01 02:58:27.429 14020 14020 I chatty  : uid=10169(com.example.lunchtray) identical 1 line
12-01 02:58:27.429 14020 14020 V ActivityScenario: Activity lifecycle changed event received but ignored because the reported transition was not ON_CREATE while the last known transition was DESTROYED
12-01 02:58:27.429 14020 14020 V ActivityScenario: Activity lifecycle changed event received but ignored because the reported transition was not ON_CREATE while the last known transition was PRE_ON_CREATE
12-01 02:58:27.443 14020 14020 D LifecycleMonitor: Lifecycle status change: androidx.fragment.app.testing.FragmentScenario$EmptyFragmentActivity@7c0a2ad in: CREATED
12-01 02:58:27.443 14020 14020 V ActivityScenario: Update currentActivityStage to CREATED, currentActivity=androidx.fragment.app.testing.FragmentScenario$EmptyFragmentActivity@7c0a2ad
12-01 02:58:27.443 14020 14020 I chatty  : uid=10169(com.example.lunchtray) identical 2 lines
12-01 02:58:27.443 14020 14020 V ActivityScenario: Update currentActivityStage to CREATED, currentActivity=androidx.fragment.app.testing.FragmentScenario$EmptyFragmentActivity@7c0a2ad
12-01 02:58:27.452 14020 14020 D LifecycleMonitor: Lifecycle status change: androidx.fragment.app.testing.FragmentScenario$EmptyFragmentActivity@7c0a2ad in: STARTED
12-01 02:58:27.452 14020 14020 V ActivityScenario: Update currentActivityStage to STARTED, currentActivity=androidx.fragment.app.testing.FragmentScenario$EmptyFragmentActivity@7c0a2ad
12-01 02:58:27.452 14020 14020 I chatty  : uid=10169(com.example.lunchtray) identical 2 lines
12-01 02:58:27.452 14020 14020 V ActivityScenario: Update currentActivityStage to STARTED, currentActivity=androidx.fragment.app.testing.FragmentScenario$EmptyFragmentActivity@7c0a2ad
12-01 02:58:27.453 14020 14020 D LifecycleMonitor: Lifecycle status change: androidx.fragment.app.testing.FragmentScenario$EmptyFragmentActivity@7c0a2ad in: RESUMED
12-01 02:58:27.453 14020 14020 V ActivityScenario: Update currentActivityStage to RESUMED, currentActivity=androidx.fragment.app.testing.FragmentScenario$EmptyFragmentActivity@7c0a2ad
12-01 02:58:27.453 14020 14020 I chatty  : uid=10169(com.example.lunchtray) identical 2 lines
12-01 02:58:27.453 14020 14020 V ActivityScenario: Update currentActivityStage to RESUMED, currentActivity=androidx.fragment.app.testing.FragmentScenario$EmptyFragmentActivity@7c0a2ad
12-01 02:58:27.458  1594  1594 I dnxw    : onPause
12-01 02:58:27.478   302   364 D goldfish-address-space: claimShared: Ask to claim region [0x3ec965000 0x3ed2ca000]
12-01 02:58:27.490   302   363 D goldfish-address-space: claimShared: Ask to claim region [0x3eec71000 0x3ef5d6000]
12-01 02:58:27.496  1594  2028 V ClearcutMetricXmitter: Transmission is done.
12-01 02:58:27.539   302   363 D goldfish-address-space: claimShared: Ask to claim region [0x3f0f68000 0x3f18cd000]
12-01 02:58:27.547   302   363 D goldfish-address-space: claimShared: Ask to claim region [0x3f2a8f000 0x3f33f4000]
12-01 02:58:27.560   527   551 D ArtManagerInternalImpl: /data/misc/iorapd/com.example.lunchtray/1/androidx.fragment.app.testing.FragmentScenario$EmptyFragmentActivity/compiled_traces/compiled_trace.pb doesn't exist
12-01 02:58:27.561   527   551 I ActivityTaskManager: Displayed com.example.lunchtray/androidx.fragment.app.testing.FragmentScenario$EmptyFragmentActivity: +227ms
12-01 02:58:27.567  1594  1594 I dnxw    : onStop
12-01 02:58:27.568   527   545 D EventSequenceValidator: dec AccIntentStartedEvents to 1
12-01 02:58:27.573 14020 14020 D LifecycleMonitor: Lifecycle status change: androidx.test.core.app.InstrumentationActivityInvoker$BootstrapActivity@3e91b2c in: STOPPED
12-01 02:58:27.573 14020 14020 V ActivityScenario: Activity lifecycle changed event received but ignored because the intent does not match. startActivityIntent=Intent { act=android.intent.action.MAIN cat=[android.intent.category.LAUNCHER] cmp=com.example.lunchtray/androidx.fragment.app.testing.FragmentScenario$EmptyFragmentActivity (has extras) }, activity.getIntent()=Intent { act=android.intent.action.MAIN cat=[android.intent.category.LAUNCHER] flg=0x10008000 cmp=com.example.lunchtray/androidx.test.core.app.InstrumentationActivityInvoker$BootstrapActivity (has extras) }, activity=androidx.test.core.app.InstrumentationActivityInvoker$BootstrapActivity@3e91b2c
12-01 02:58:27.574 14020 14020 I chatty  : uid=10169(com.example.lunchtray) identical 2 lines
12-01 02:58:27.574 14020 14020 V ActivityScenario: Activity lifecycle changed event received but ignored because the intent does not match. startActivityIntent=Intent { act=android.intent.action.MAIN cat=[android.intent.category.LAUNCHER] cmp=com.example.lunchtray/androidx.fragment.app.testing.FragmentScenario$EmptyFragmentActivity (has extras) }, activity.getIntent()=Intent { act=android.intent.action.MAIN cat=[android.intent.category.LAUNCHER] flg=0x10008000 cmp=com.example.lunchtray/androidx.test.core.app.InstrumentationActivityInvoker$BootstrapActivity (has extras) }, activity=androidx.test.core.app.InstrumentationActivityInvoker$BootstrapActivity@3e91b2c
12-01 02:58:27.623 14020 14020 I ViewInteraction: Performing 'single click' action on view view.getId() is <2131231207/com.example.lunchtray:id/start_order_btn>
12-01 02:58:27.675   527  2214 I system_server: oneway function results will be dropped but finished with status OK and parcel size 4
12-01 02:58:27.677   527  2214 I chatty  : uid=1000(system) Binder:527_16 identical 1 line
12-01 02:58:27.813   527  2214 I system_server: oneway function results will be dropped but finished with status OK and parcel size 4
12-01 02:58:27.950 14020 14042 E TestRunner: failed: navigate_to_entree_menu_from_start_order(com.example.lunchtray.NavigationTests)
12-01 02:58:27.951 14020 14042 E TestRunner: ----- begin exception -----
12-01 02:58:27.952 14020 14042 E TestRunner: java.lang.AssertionError: expected:<2131231204> but was:<2131230935>
12-01 02:58:27.952 14020 14042 E TestRunner: 	at org.junit.Assert.fail(Assert.java:88)
12-01 02:58:27.952 14020 14042 E TestRunner: 	at org.junit.Assert.failNotEquals(Assert.java:834)
12-01 02:58:27.952 14020 14042 E TestRunner: 	at org.junit.Assert.assertEquals(Assert.java:118)
12-01 02:58:27.952 14020 14042 E TestRunner: 	at org.junit.Assert.assertEquals(Assert.java:144)
12-01 02:58:27.952 14020 14042 E TestRunner: 	at com.example.lunchtray.NavigationTests.navigate_to_entree_menu_from_start_order(NavigationTests.kt:58)
12-01 02:58:27.952 14020 14042 E TestRunner: 	at java.lang.reflect.Method.invoke(Native Method)
12-01 02:58:27.952 14020 14042 E TestRunner: 	at org.junit.runners.model.FrameworkMethod$1.runReflectiveCall(FrameworkMethod.java:50)
12-01 02:58:27.952 14020 14042 E TestRunner: 	at org.junit.internal.runners.model.ReflectiveCallable.run(ReflectiveCallable.java:12)
12-01 02:58:27.952 14020 14042 E TestRunner: 	at org.junit.runners.model.FrameworkMethod.invokeExplosively(FrameworkMethod.java:47)
12-01 02:58:27.952 14020 14042 E TestRunner: 	at org.junit.internal.runners.statements.InvokeMethod.evaluate(InvokeMethod.java:17)
12-01 02:58:27.952 14020 14042 E TestRunner: 	at org.junit.runners.ParentRunner.runLeaf(ParentRunner.java:325)
12-01 02:58:27.952 14020 14042 E TestRunner: 	at org.junit.runners.BlockJUnit4ClassRunner.runChild(BlockJUnit4ClassRunner.java:78)
12-01 02:58:27.952 14020 14042 E TestRunner: 	at org.junit.runners.BlockJUnit4ClassRunner.runChild(BlockJUnit4ClassRunner.java:57)
12-01 02:58:27.952 14020 14042 E TestRunner: 	at org.junit.runners.ParentRunner$3.run(ParentRunner.java:290)
12-01 02:58:27.952 14020 14042 E TestRunner: 	at org.junit.runners.ParentRunner$1.schedule(ParentRunner.java:71)
12-01 02:58:27.952 14020 14042 E TestRunner: 	at org.junit.runners.ParentRunner.runChildren(ParentRunner.java:288)
12-01 02:58:27.952 14020 14042 E TestRunner: 	at org.junit.runners.ParentRunner.access$000(ParentRunner.java:58)
12-01 02:58:27.952 14020 14042 E TestRunner: 	at org.junit.runners.ParentRunner$2.evaluate(ParentRunner.java:268)
12-01 02:58:27.952 14020 14042 E TestRunner: 	at org.junit.runners.ParentRunner.run(ParentRunner.java:363)
12-01 02:58:27.952 14020 14042 E TestRunner: 	at androidx.test.ext.junit.runners.AndroidJUnit4.run(AndroidJUnit4.java:162)
12-01 02:58:27.952 14020 14042 E TestRunner: 	at org.junit.runners.Suite.runChild(Suite.java:128)
12-01 02:58:27.952 14020 14042 E TestRunner: 	at org.junit.runners.Suite.runChild(Suite.java:27)
12-01 02:58:27.952 14020 14042 E TestRunner: 	at org.junit.runners.ParentRunner$3.run(ParentRunner.java:290)
12-01 02:58:27.952 14020 14042 E TestRunner: 	at org.junit.runners.ParentRunner$1.schedule(ParentRunner.java:71)
12-01 02:58:27.952 14020 14042 E TestRunner: 	at org.junit.runners.ParentRunner.runChildren(ParentRunner.java:288)
12-01 02:58:27.952 14020 14042 E TestRunner: 	at org.junit.runners.ParentRunner.access$000(ParentRunner.java:58)
12-01 02:58:27.952 14020 14042 E TestRunner: 	at org.junit.runners.ParentRunner$2.evaluate(ParentRunner.java:268)
12-01 02:58:27.952 14020 14042 E TestRunner: 	at org.junit.runners.ParentRunner.run(ParentRunner.java:363)
12-01 02:58:27.952 14020 14042 E TestRunner: 	at org.junit.runner.JUnitCore.run(JUnitCore.java:137)
12-01 02:58:27.952 14020 14042 E TestRunner: 	at org.junit.runner.JUnitCore.run(JUnitCore.java:115)
12-01 02:58:27.952 14020 14042 E TestRunner: 	at androidx.test.internal.runner.TestExecutor.execute(TestExecutor.java:56)
12-01 02:58:27.952 14020 14042 E TestRunner: 	at androidx.test.runner.AndroidJUnitRunner.onStart(AndroidJUnitRunner.java:444)
12-01 02:58:27.952 14020 14042 E TestRunner: 	at android.app.Instrumentation$InstrumentationThread.run(Instrumentation.java:2205)
12-01 02:58:27.952 14020 14042 E TestRunner: ----- end exception -----
12-01 02:58:27.953 14020 14042 I TestRunner: finished: navigate_to_entree_menu_from_start_order(com.example.lunchtray.NavigationTests)
